exports[`test <ErrorSnackbar /> renders 1`] = `null`;
