exports[`test <MissingDialog /> renders 1`] = `null`;
